// Jest Snapshot v1, https://goo.gl/fbAQLP

exports[`<App /> should render and match the snapshot 1`] = `
<BrowserRouter>
  <Helmet
    defaultTitle="MyReview"
    defer={true}
    encodeSpecialCharacters={true}
    htmlAttributes={
      Object {
        "lang": undefined,
      }
    }
    prioritizeSeoTags={false}
    titleTemplate="%s - MyReview"
  >
    <meta
      content="application"
      name="description"
    />
  </Helmet>
  <Switch>
    <Route
      component={[Function]}
      exact={true}
      path="/"
    />
    <Route
      component={[Function]}
      exact={true}
      path="/missions/"
    />
    <Route
      component={[Function]}
      exact={true}
      path="/cooperateurs/"
    />
    <Route
      component={[Function]}
    />
  </Switch>
</BrowserRouter>
`;
